# concrete generator check — 2026-07-20T21:42:52.838351
# python 3.11.15, torch 2.13.0+cu130, cuda=False (cpu)

$ /usr/local/bin/python discover_symmetry_dimensionless.py --data Concrete_Data.xls --seed 42 --max-latent 6
Loading concrete data from Concrete_Data.xls...
  Loaded Excel: ['Cement (component 1)(kg in a m^3 mixture)', 'Blast Furnace Slag (component 2)(kg in a m^3 mixture)', 'Fly Ash (component 3)(kg in a m^3 mixture)', 'Water  (component 4)(kg in a m^3 mixture)', 'Superplasticizer (component 5)(kg in a m^3 mixture)', 'Coarse Aggregate  (component 6)(kg in a m^3 mixture)', 'Fine Aggregate (component 7)(kg in a m^3 mixture)', 'Age (day)', 'Concrete compressive strength(MPa, megapascals) ']
  Samples: 1030, Raw features: 8
  Strength range: [2.3, 82.6] MPa

============================================================
Step 0: Binder-referenced non-dimensionalization
============================================================
  Features: ['w/b', 'FlyAsh/b', 'Cement/b', 'SP/b', 'CoarseAgg/b', 'FineAgg/b', 'ln(t/28)']
  sigma_ideal = 13.83*(w/b)^(-1.269)*(0.268*ln(t)+0.136)  [MPa]
  Yeh baseline alone: R2 = 0.6821 on all 1030 rows
  Residual target y = sigma/sigma_ideal: mean=0.9277, std=0.2228

============================================================
Step 1: Normalizing dimensionless data
============================================================
  Pi range after scaling: [-2.658, 4.569]

============================================================
Step 2: Discovering intrinsic latent dimension
============================================================
  Multi-layer encoder hidden dims: [64, 32]
  Multi-layer encoder: [64, 32]
  raw_input=True: [X, X², log|X|] augmentation is disabled

  Auto-selected latent dimension: 2 (overridden to 4 via --latent-dim)

  Optimal latent dimension: 4
    k=1: R2_train=0.7457, R2_test=0.5074, MSE=0.418519
    k=2: R2_train=0.7365, R2_test=0.5138, MSE=0.413140
    k=3: R2_train=0.7542, R2_test=0.4999, MSE=0.424908
    k=4: R2_train=0.7503, R2_test=0.5102, MSE=0.416131
    k=5: R2_train=0.7386, R2_test=0.5044, MSE=0.421117
    k=6: R2_train=0.7676, R2_test=0.4558, MSE=0.462408

============================================================
Step 3: Identifying symmetry type
============================================================

  Detected symmetry: translational
    translational  : 0.411861 <--
    scaling        : 0.682661
    rotational     : 0.740401
  Loss gap: 1.7x

============================================================
Step 4: Extracting Lie-algebra generators
============================================================
  Symmetry type: translational
  Generators: 3

============================================================
Step 5: Physical interpretation of generators
============================================================
  Each generator g shifts the dimensionless mix ratios,
  pi -> pi + eps*g, without changing the strength residual y.

  Generator 1: [w/b: -0.327, FlyAsh/b: +0.215, SP/b: +0.452, CoarseAgg/b: +0.779, ln(t/28): +0.179]
  Generator 2: [FlyAsh/b: +0.249, Cement/b: +0.266, SP/b: +0.279, CoarseAgg/b: -0.143, FineAgg/b: +0.866, ln(t/28): -0.135]
  Generator 3: [w/b: +0.276, FlyAsh/b: +0.699, Cement/b: +0.397, SP/b: -0.467, CoarseAgg/b: +0.199, FineAgg/b: -0.139]

Artifacts saved to output_concrete_dimensionless/pipeline_artifacts.npz
Trained model saved to output_concrete_dimensionless/trained_model.pt
============================================================
Creating visualizations
============================================================
Figure saved to output_concrete_dimensionless/concrete_symmetry_dimensionless.png

============================================================
COMPLETE
============================================================
  Symmetry: translational
  Generators: 3


$ /usr/local/bin/python plot_generator_lines.py
Genuine trained model on data: R2 = 0.6757
strength change  along g1: 2e-07   along g2: 1e-07   along g3: 1e-07
Saved output_concrete_dimensionless/generator_lines.png (+ .pdf)

$ /usr/local/bin/python validate_generators.py
Loaded 1030 mixes, 7 features, latent dim k=4, 3 generators
Generator/active-subspace overlap (should be ~0): 5.32e-08
Total pairs: 529935

group                           pairs   mean |Δy|  median |Δy|
near-duplicates (noise floor)      162      0.0522       0.0019
symmetry-aligned pairs           4785      0.1640       0.1403
random pairs (same |Δπ|)       111629      0.2083       0.1677
active-aligned pairs            27897      0.2262       0.1798

Generator 1: 66 aligned pairs, mean |Δy| = 0.1317, corr(y-, y+) = 0.703
Generator 2: 4 aligned pairs, mean |Δy| = 0.0864, corr(y-, y+) = 1.000
Generator 3: 118 aligned pairs, mean |Δy| = 0.1215, corr(y-, y+) = 0.331
Control (top active dir): 32 aligned pairs, mean |Δy| = 0.3370, corr = 0.144

Figure saved to output_concrete_dimensionless/generator_validation.png

$ /usr/local/bin/python make_publication_figure.py
generator pairs: n=188, mean |dy|=0.124
control pairs:   n=32, mean |dy|=0.337
random pairs:    n=111629, mean |dy|=0.208
replicates:      n=162, mean |dy|=0.052
Saved output_concrete_dimensionless/publication_figure.png (+ .pdf)

All steps completed.

Full transcript: /home/user/PyDimension/projects/20260912_Stage1_Prokash/Examples/concrete_strength/output_concrete_dimensionless/generator_check_full.log
Figures in: /home/user/PyDimension/projects/20260912_Stage1_Prokash/Examples/concrete_strength/output_concrete_dimensionless
