Loading concrete data from Concrete_Data.xls...
  Loaded Excel: ['Cement (component 1)(kg in a m^3 mixture)', 'Blast Furnace Slag (component 2)(kg in a m^3 mixture)', 'Fly Ash (component 3)(kg in a m^3 mixture)', 'Water  (component 4)(kg in a m^3 mixture)', 'Superplasticizer (component 5)(kg in a m^3 mixture)', 'Coarse Aggregate  (component 6)(kg in a m^3 mixture)', 'Fine Aggregate (component 7)(kg in a m^3 mixture)', 'Age (day)', 'Concrete compressive strength(MPa, megapascals) ']
  Samples: 1030, Raw features: 8
  Strength range: [2.3, 82.6] MPa

============================================================
Step 0: Buckingham-Pi non-dimensionalization
============================================================
  Features: ['w/b', 'FlyAsh/b', 'Slag/b', 'SP/b', 'CoarseAgg/b', 'FineAgg/b', 'ln(t/28)']
  sigma_ideal = 13.83*(w/b)^(-1.269)*(0.268*ln(t)+0.136)  [MPa]
  Yeh baseline alone: R2 = 0.7619 on all 1030 rows
  Residual target y = sigma/sigma_ideal: mean=0.9710, std=0.2325

============================================================
Step 1: Normalizing dimensionless data
============================================================
  Pi range after scaling: [-2.658, 4.569]

============================================================
Step 2: Discovering intrinsic latent dimension
============================================================
  Multi-layer encoder hidden dims: [64, 32]
  Multi-layer encoder: [64, 32]
  raw_input=True: [X, X², log|X|] augmentation is disabled

  Optimal latent dimension: 4
    k=1: R2_train=0.7288, R2_test=0.4884, MSE=0.464531
    k=2: R2_train=0.7465, R2_test=0.5052, MSE=0.449324
    k=3: R2_train=0.7377, R2_test=0.5447, MSE=0.413393
    k=4: R2_train=0.7488, R2_test=0.5560, MSE=0.403157

============================================================
Step 3: Identifying symmetry type
============================================================

  Detected symmetry: translational
    translational  : 0.307864 <--
    rotational     : 0.598517
    scaling        : 0.638022
  Loss gap: 1.9x

============================================================
Step 4: Extracting Lie-algebra generators
============================================================
  Symmetry type: translational
  Generators: 3

============================================================
Step 5: Physical interpretation of generators
============================================================
  Each generator g shifts the dimensionless mix ratios,
  pi -> pi + eps*g, without changing the strength residual y.

  Generator 1: [w/b: -0.079, FlyAsh/b: -0.294, Slag/b: +0.624, SP/b: +0.488, CoarseAgg/b: +0.415, FineAgg/b: -0.218, ln(t/28): +0.246]
  Generator 2: [Slag/b: -0.059, SP/b: +0.612, CoarseAgg/b: -0.242, FineAgg/b: +0.748]
  Generator 3: [w/b: -0.558, FlyAsh/b: +0.435, Slag/b: -0.467, SP/b: +0.299, CoarseAgg/b: +0.333, FineAgg/b: -0.144, ln(t/28): +0.245]

============================================================
Creating visualizations
============================================================
Figure saved to output_concrete_dimensionless/concrete_symmetry_dimensionless.png

============================================================
COMPLETE
============================================================
  Symmetry: translational
  Generators: 3

