⚠️ scikit-learn not available. Some features may not work.
Loading LBM porous media data from dataset_lbm_porous.csv...
  Loaded 144 converged LBM runs
  Variables: ['dP_L', 'v', 'mu', 'rho', 'd', 'phi']
    dP_L   range: [5.24e-09, 1.57e-06]  (3 unique)
    v      range: [8.52e-09, 1.44e-05]  (13 unique)
    mu     range: [0.1333, 0.2]  (29 unique)
    rho    range: [0.9995, 1]  (19 unique)
    d      range: [6, 10]  (2 unique)
    phi    range: [0.4585, 0.6095]  (6 unique)
  Re_p range: [2.560e-07, 1.080e-03]
  f range:    [7.575e+04, 4.645e+08]
  f / f_ergun: mean = 0.662,  std = 0.076

============================================================
Step 0: Dimensional analysis (Buckingham-Pi reduction)
============================================================
  Dimension matrix shape: (3, 6)  (rows = ['Mass', 'Length', 'Time'], cols = ['dP_L', 'v', 'mu', 'rho', 'd', 'phi'])
  Rank: 3   Expected Pi groups: 3
  Using pydimension.data_preprocessing.DataPreprocessor (output → output_porous_media_lbm_symmetry/_da_repo)
=== Data Preprocessing ===
✅ Loaded data from: dataset_lbm_porous.csv
   Shape: (144, 15)
   Columns: ['filename', 'tau', 'delta_p', 'dP_L', 'v', 'mu', 'rho', 'd', 'phi', 'f', 'Re_p', 'f_ergun', 'steps', 'converged', 'stalled']
✅ Detected variables:
   Input variables (6): ['dP_L', 'v', 'mu', 'rho', 'd', 'phi']
   Output variables (1): ['f']
   f: not in matrix, assuming dimensionless
✅ Loaded dimension matrix from file
✅ Normalized data
   Shape: (144, 7)
   Value range: [0.0002, 1.0000]

=== Preprocessing Complete ===
=== Dimensional Analysis ===
   Input variables: ['dP_L', 'v', 'mu', 'rho', 'd', 'phi']
   Output variable: f
   Active dimensions: ['Mass', 'Length', 'Time']
   Matrix shape: (3, 6)
   Matrix rank: 3
   Variables: 6
   Expected null space dimension: 3

=== Finding Null Space ===
Dimension matrix shape: (3, 6)
Null space shape: (6, 3)

=== Simplifying Basis Vectors ===
Simplified basis vectors shape: (6, 3)

=== Created Dimensionless Variables ===
Number of dimensionless groups: 3
  π1 = dP_L × v^-3 × mu × rho^-2
  π2 = dP_L × v^(-1) × mu^(-1) × d^2
  π3 = phi

=== Dimensional Analysis Complete ===
AfterDA data: output_porous_media_lbm_symmetry/_da_repo/data/afterDA_data.csv
Basis vectors: output_porous_media_lbm_symmetry/_da_repo/data/basis_vectors.csv
  Basis vectors shape: (6, 3)
    Pi1 = dP_L · v^-3 · mu · rho^-2    (repo: π1 = dP_L × v^-3 × mu × rho^-2)
    Pi2 = dP_L · v^-1 · mu^-1 · d^2    (repo: π2 = dP_L × v^(-1) × mu^(-1) × d^2)
    Pi3 = phi    (repo: π3 = phi)
  Known f (friction factor) exponents in Pi span: cos = +1.0000  (±1 means it lies in the discovered Pi space)
  Known Re_p (Reynolds) exponents in Pi span: cos = +1.0000  (±1 means it lies in the discovered Pi space)
  Pi features for Step 2 encoder: ['log10(Re_p)', 'phi']
  pi_features_norm shape: (144, 2)  range: [0.000, 1.000]

============================================================
Step 1: Normalizing data
============================================================
  Log-prenormalisation OFF (plain min-max)
  X_raw  range: [0.000, 1.000]  ((144, 6))
  y = log10(f) normalized to [0, 1]
  log10(f) range: [4.879, 8.667]

============================================================
Step 2: Discovering intrinsic latent dimension
============================================================
  Step 2 encoder input: 2 Pi features (['log10(Re_p)', 'phi'])
  Multilayer encoder hidden dims: [64, 32]
  Multi-layer encoder: [64, 32]
  raw_input=True: [X, X², log|X|] augmentation is disabled

  Optimal latent dimension: 1
    k=1: R2_train=0.9978, R2_test=0.9975, MSE=0.000096
    k=2: R2_train=0.9980, R2_test=0.9977, MSE=0.000085

============================================================
Step 3: Identifying symmetry type
============================================================
  Step 3 input: raw physical X (6 variables)

  Detected symmetry: rotational
    rotational     : 0.007153 <--
    translational  : 0.010846
    scaling        : 0.010999
  Loss gap: 1.5x

============================================================
Step 4: Extracting Lie-algebra generators
============================================================
  Symmetry type: rotational
  Generators: 10

============================================================
  Winning encoder weight vector(s)
============================================================
  Row 1 (rotational):
       dP_L        v       mu      rho        d      phi
  raw :    +0.0830  -0.0224  -0.0423  -0.3811  +0.1301  +0.2063
  L2-n:    +0.1794  -0.0485  -0.0914  -0.8240  +0.2813  +0.4461
  cos<row, known Re_p exponents> = -0.2499
  cos<row, known f    exponents> = +0.5222

============================================================
Step 5: Physical interpretation of generators
============================================================
  Winner is 'rotational', not scaling. Generators below are null-space directions of W in raw-X space; they do NOT correspond
  to log-space rescalings (which is the physically meaningful
  invariance for the Darcy power-law). Reporting them for
  completeness only.

  Generator 1: shape=(6, 6), not flattened
  Generator 2: shape=(6, 6), not flattened
  Generator 3: shape=(6, 6), not flattened
  Generator 4: shape=(6, 6), not flattened
  Generator 5: shape=(6, 6), not flattened
  Generator 6: shape=(6, 6), not flattened
  Generator 7: shape=(6, 6), not flattened
  Generator 8: shape=(6, 6), not flattened
  Generator 9: shape=(6, 6), not flattened
  Generator 10: shape=(6, 6), not flattened

============================================================
Creating visualizations
============================================================
Ergun collapse figure saved to output_porous_media_lbm_symmetry/lbm_ergun_collapse.png
/home/user/PyDimension/projects/20260912_Stage1_Prokash/Examples/porous_media_lbm_symmetry/discover_symmetry.py:694: UserWarning: This figure includes Axes that are not compatible with tight_layout, so results might be incorrect.
  plt.tight_layout(rect=[0, 0, 1, 0.93])
Pi candidates figure saved to output_porous_media_lbm_symmetry/lbm_pi_candidates.png
Symmetry-discovery figure saved to output_porous_media_lbm_symmetry/lbm_symmetry_discovery.png

============================================================
COMPLETE
============================================================
  Symmetry: rotational
  Generators: 10

